[    0.000000] Initializing cgroup subsys cpuset
[    0.000000] Initializing cgroup subsys cpu
[    0.000000] Initializing cgroup subsys cpuacct
[    0.000000] Linux version 4.4.0-169-generic (buildd@lgw01-amd64-038) (gcc version 5.4.0 20160609 (Ubuntu 5.4.0-6ubuntu1~16.04.12) ) #198-Ubuntu SMP Tue Nov 12 10:38:00 UTC 2019 (Ubuntu 4.4.0-169.198-generic 4.4.197)
[    0.000000] Command line: BOOT_IMAGE=/boot/vmlinuz-4.4.0-169-generic root=LABEL=cloudimg-rootfs ro console=tty1 console=ttyS0
[    0.000000] KERNEL supported cpus:
[    0.000000]   Intel GenuineIntel
[    0.000000]   AMD AuthenticAMD
[    0.000000]   Centaur CentaurHauls
[    0.000000] x86/fpu: xstate_offset[2]:  576, xstate_sizes[2]:  256
[    0.000000] x86/fpu: Supporting XSAVE feature 0x01: 'x87 floating point registers'
[    0.000000] x86/fpu: Supporting XSAVE feature 0x02: 'SSE registers'
[    0.000000] x86/fpu: Supporting XSAVE feature 0x04: 'AVX registers'
[    0.000000] x86/fpu: Enabled xstate features 0x7, context size is 832 bytes, using 'standard' format.
[    0.000000] e820: BIOS-provided physical RAM map:
[    0.000000] BIOS-e820: [mem 0x0000000000000000-0x000000000009fbff] usable
[    0.000000] BIOS-e820: [mem 0x000000000009fc00-0x000000000009ffff] reserved
[    0.000000] BIOS-e820: [mem 0x00000000000f0000-0x00000000000fffff] reserved
[    0.000000] BIOS-e820: [mem 0x0000000000100000-0x000000007ffeffff] usable
[    0.000000] BIOS-e820: [mem 0x000000007fff0000-0x000000007fffffff] ACPI data
[    0.000000] BIOS-e820: [mem 0x00000000fec00000-0x00000000fec00fff] reserved
[    0.000000] BIOS-e820: [mem 0x00000000fee00000-0x00000000fee00fff] reserved
[    0.000000] BIOS-e820: [mem 0x00000000fffc0000-0x00000000ffffffff] reserved
[    0.000000] NX (Execute Disable) protection: active
[    0.000000] SMBIOS 2.5 present.
[    0.000000] Hypervisor detected: KVM
[    0.000000] e820: last_pfn = 0x7fff0 max_arch_pfn = 0x400000000
[    0.000000] MTRR: Disabled
[    0.000000] x86/PAT: MTRRs disabled, skipping PAT initialization too.
[    0.000000] CPU MTRRs all blank - virtualized system.
[    0.000000] x86/PAT: Configuration [0-7]: WB  WT  UC- UC  WB  WT  UC- UC  
[    0.000000] found SMP MP-table at [mem 0x0009fff0-0x0009ffff] mapped at [ffff88000009fff0]
[    0.000000] Scanning 1 areas for low memory corruption
[    0.000000] RAMDISK: [mem 0x362f2000-0x37170fff]
[    0.000000] ACPI: Early table checksum verification disabled
[    0.000000] ACPI: RSDP 0x00000000000E0000 000024 (v02 VBOX  )
[    0.000000] ACPI: XSDT 0x000000007FFF0030 00003C (v01 VBOX   VBOXXSDT 00000001 ASL  00000061)
[    0.000000] ACPI: FACP 0x000000007FFF00F0 0000F4 (v04 VBOX   VBOXFACP 00000001 ASL  00000061)
[    0.000000] ACPI: DSDT 0x000000007FFF0470 0022EA (v02 VBOX   VBOXBIOS 00000002 INTL 20100528)
[    0.000000] ACPI: FACS 0x000000007FFF0200 000040
[    0.000000] ACPI: FACS 0x000000007FFF0200 000040
[    0.000000] ACPI: APIC 0x000000007FFF0240 00005C (v02 VBOX   VBOXAPIC 00000001 ASL  00000061)
[    0.000000] ACPI: SSDT 0x000000007FFF02A0 0001CC (v01 VBOX   VBOXCPUT 00000002 INTL 20100528)
[    0.000000] No NUMA configuration found
[    0.000000] Faking a node at [mem 0x0000000000000000-0x000000007ffeffff]
[    0.000000] NODE_DATA(0) allocated [mem 0x7ffeb000-0x7ffeffff]
[    0.000000] kvm-clock: Using msrs 4b564d01 and 4b564d00
[    0.000000] kvm-clock: cpu 0, msr 0:7ffe3001, primary cpu clock
[    0.000000] kvm-clock: using sched offset of 3231445520 cycles
[    0.000000] clocksource: kvm-clock: mask: 0xffffffffffffffff max_cycles: 0x1cd42e4dffb, max_idle_ns: 881590591483 ns
[    0.000000] Zone ranges:
[    0.000000]   DMA      [mem 0x0000000000001000-0x0000000000ffffff]
[    0.000000]   DMA32    [mem 0x0000000001000000-0x000000007ffeffff]
[    0.000000]   Normal   empty
[    0.000000]   Device   empty
[    0.000000] Movable zone start for each node
[    0.000000] Early memory node ranges
[    0.000000]   node   0: [mem 0x0000000000001000-0x000000000009efff]
[    0.000000]   node   0: [mem 0x0000000000100000-0x000000007ffeffff]
[    0.000000] Initmem setup node 0 [mem 0x0000000000001000-0x000000007ffeffff]
[    0.000000] ACPI: PM-Timer IO Port: 0x4008
[    0.000000] IOAPIC[0]: apic_id 2, version 32, address 0xfec00000, GSI 0-23
[    0.000000] ACPI: INT_SRC_OVR (bus 0 bus_irq 0 global_irq 2 dfl dfl)
[    0.000000] ACPI: INT_SRC_OVR (bus 0 bus_irq 9 global_irq 9 low level)
[    0.000000] Using ACPI (MADT) for SMP configuration information
[    0.000000] smpboot: Allowing 2 CPUs, 0 hotplug CPUs
[    0.000000] PM: Registered nosave memory: [mem 0x00000000-0x00000fff]
[    0.000000] PM: Registered nosave memory: [mem 0x0009f000-0x0009ffff]
[    0.000000] PM: Registered nosave memory: [mem 0x000a0000-0x000effff]
[    0.000000] PM: Registered nosave memory: [mem 0x000f0000-0x000fffff]
[    0.000000] e820: [mem 0x80000000-0xfebfffff] available for PCI devices
[    0.000000] Booting paravirtualized kernel on KVM
[    0.000000] clocksource: refined-jiffies: mask: 0xffffffff max_cycles: 0xffffffff, max_idle_ns: 7645519600211568 ns
[    0.000000] setup_percpu: NR_CPUS:512 nr_cpumask_bits:512 nr_cpu_ids:2 nr_node_ids:1
[    0.000000] PERCPU: Embedded 33 pages/cpu @ffff88007fc00000 s95448 r8192 d31528 u1048576
[    0.000000] Built 1 zonelists in Node order, mobility grouping on.  Total pages: 515960
[    0.000000] Policy zone: DMA32
[    0.000000] Kernel command line: BOOT_IMAGE=/boot/vmlinuz-4.4.0-169-generic root=LABEL=cloudimg-rootfs ro console=tty1 console=ttyS0
[    0.000000] PID hash table entries: 4096 (order: 3, 32768 bytes)
[    0.000000] Memory: 2029904K/2096696K available (8623K kernel code, 1336K rwdata, 4036K rodata, 1488K init, 1288K bss, 66792K reserved, 0K cma-reserved)
[    0.000000] SLUB: HWalign=64, Order=0-3, MinObjects=0, CPUs=2, Nodes=1
[    0.000000] Kernel/User page tables isolation: enabled
[    0.000000] Hierarchical RCU implementation.
[    0.000000] 	Build-time adjustment of leaf fanout to 64.
[    0.000000] 	RCU restricting CPUs from NR_CPUS=512 to nr_cpu_ids=2.
[    0.000000] RCU: Adjusting geometry for rcu_fanout_leaf=64, nr_cpu_ids=2
[    0.000000] NR_IRQS:33024 nr_irqs:440 16
[    0.000000] Console: colour VGA+ 80x25
[    0.000000] console [tty1] enabled
[    0.000000] console [ttyS0] enabled
[    0.000000] tsc: Detected 2207.998 MHz processor
[    0.142707] Calibrating delay loop (skipped) preset value.. 4415.99 BogoMIPS (lpj=8831992)
[    0.144274] pid_max: default: 32768 minimum: 301
[    0.146000] ACPI: Core revision 20150930
[    0.147577] ACPI: 2 ACPI AML tables successfully acquired and loaded
[    0.148900] Security Framework initialized
[    0.149781] Yama: becoming mindful.
[    0.150474] AppArmor: AppArmor initialized
[    0.152331] Dentry cache hash table entries: 262144 (order: 9, 2097152 bytes)
[    0.154202] Inode-cache hash table entries: 131072 (order: 8, 1048576 bytes)
[    0.156874] Mount-cache hash table entries: 4096 (order: 3, 32768 bytes)
[    0.158178] Mountpoint-cache hash table entries: 4096 (order: 3, 32768 bytes)
[    0.159497] Initializing cgroup subsys io
[    0.160262] Initializing cgroup subsys memory
[    0.161074] Initializing cgroup subsys devices
[    0.161916] Initializing cgroup subsys freezer
[    0.162733] Initializing cgroup subsys net_cls
[    0.163622] Initializing cgroup subsys perf_event
[    0.164480] Initializing cgroup subsys net_prio
[    0.165684] Initializing cgroup subsys hugetlb
[    0.167412] Initializing cgroup subsys pids
[    0.169512] mce: CPU supports 0 MCE banks
[    0.170359] Last level iTLB entries: 4KB 64, 2MB 8, 4MB 8
[    0.171475] Last level dTLB entries: 4KB 64, 2MB 0, 4MB 0, 1GB 4
[    0.172893] Spectre V1 : Mitigation: usercopy/swapgs barriers and __user pointer sanitization
[    0.174560] Spectre V2 : Mitigation: Full generic retpoline
[    0.175581] Spectre V2 : Spectre v2 / SpectreRSB mitigation: Filling RSB on context switch
[    0.177149] Speculative Store Bypass: Vulnerable
[    0.178126] MDS: Mitigation: Clear CPU buffers
[    0.181155] Freeing SMP alternatives memory: 36K
[    0.186979] ftrace: allocating 32301 entries in 127 pages
[    0.234400] smpboot: APIC(0) Converting physical 0 to logical package 0
[    0.236251] smpboot: Max logical packages: 1
[    0.237260] x2apic enabled
[    0.238044] Switched APIC routing to physical x2apic.
[    0.239876] ..TIMER: vector=0x30 apic1=0 pin1=2 apic2=-1 pin2=-1
[    0.349051] smpboot: CPU0: Intel(R) Core(TM) i7-8750H CPU @ 2.20GHz (family: 0x6, model: 0x9e, stepping: 0xa)
[    0.351487] Performance Events: unsupported p6 CPU model 158 no PMU driver, software events only.
[    0.362418] KVM setup paravirtual spinlock
[    0.365196] x86: Booting SMP configuration:
[    0.366014] .... node  #0, CPUs:      #1
[    0.366869] kvm-clock: cpu 1, msr 0:7ffe3041, secondary cpu clock
[    0.368794] mce: CPU supports 0 MCE banks
[    0.371350] x86: Booted up 1 node, 2 CPUs
[    0.372572] smpboot: Total of 2 processors activated (8831.99 BogoMIPS)
[    0.374478] devtmpfs: initialized
[    0.376752] evm: security.selinux
[    0.377769] evm: security.SMACK64
[    0.378435] evm: security.SMACK64EXEC
[    0.379153] evm: security.SMACK64TRANSMUTE
[    0.379949] evm: security.SMACK64MMAP
[    0.380664] evm: security.ima
[    0.381278] evm: security.capability
[    0.382125] clocksource: jiffies: mask: 0xffffffff max_cycles: 0xffffffff, max_idle_ns: 7645041785100000 ns
[    0.383876] futex hash table entries: 512 (order: 3, 32768 bytes)
[    0.385040] pinctrl core: initialized pinctrl subsystem
[    0.386186] RTC time: 16:16:27, date: 11/20/19
[    0.387253] NET: Registered protocol family 16
[    0.398044] cpuidle: using governor ladder
[    0.410169] cpuidle: using governor menu
[    0.411983] PCCT header not found.
[    0.413239] ACPI: bus type PCI registered
[    0.414522] acpiphp: ACPI Hot Plug PCI Controller Driver version: 0.5
[    0.416390] PCI: Using configuration type 1 for base access
[    0.432018] ACPI: Added _OSI(Module Device)
[    0.434460] ACPI: Added _OSI(Processor Device)
[    0.436139] ACPI: Added _OSI(3.0 _SCP Extensions)
[    0.437637] ACPI: Added _OSI(Processor Aggregator Device)
[    0.440122] ACPI: Executed 1 blocks of module-level executable AML code
[    0.443907] ACPI: Interpreter enabled
[    0.444916] ACPI: (supports S0 S5)
[    0.446172] ACPI: Using IOAPIC for interrupt routing
[    0.447438] PCI: Using host bridge windows from ACPI; if necessary, use "pci=nocrs" and report a bug
[    0.453378] ACPI: PCI Root Bridge [PCI0] (domain 0000 [bus 00-ff])
[    0.454801] acpi PNP0A03:00: _OSC: OS supports [ASPM ClockPM Segments MSI]
[    0.456571] acpi PNP0A03:00: _OSC: not requesting OS control; OS requires [ExtendedConfig ASPM ClockPM MSI]
[    0.458726] acpi PNP0A03:00: fail to add MMCONFIG information, can't access extended PCI configuration space under this bridge.
[    0.461516] PCI host bridge to bus 0000:00
[    0.462458] pci_bus 0000:00: root bus resource [io  0x0000-0x0cf7 window]
[    0.463908] pci_bus 0000:00: root bus resource [io  0x0d00-0xffff window]
[    0.465311] pci_bus 0000:00: root bus resource [mem 0x000a0000-0x000bffff window]
[    0.466980] pci_bus 0000:00: root bus resource [mem 0x80000000-0xfdffffff window]
[    0.468926] pci_bus 0000:00: root bus resource [bus 00-ff]
[    0.472814] pci 0000:00:01.1: legacy IDE quirk: reg 0x10: [io  0x01f0-0x01f7]
[    0.475052] pci 0000:00:01.1: legacy IDE quirk: reg 0x14: [io  0x03f6]
[    0.476753] pci 0000:00:01.1: legacy IDE quirk: reg 0x18: [io  0x0170-0x0177]
[    0.477988] pci 0000:00:01.1: legacy IDE quirk: reg 0x1c: [io  0x0376]
[    0.501220] pci 0000:00:07.0: quirk: [io  0x4000-0x403f] claimed by PIIX4 ACPI
[    0.502972] pci 0000:00:07.0: quirk: [io  0x4100-0x410f] claimed by PIIX4 SMB
[    0.514149] ACPI: PCI Interrupt Link [LNKA] (IRQs 5 9 10 *11)
[    0.516210] ACPI: PCI Interrupt Link [LNKB] (IRQs 5 9 *10 11)
[    0.518142] ACPI: PCI Interrupt Link [LNKC] (IRQs 5 *9 10 11)
[    0.519929] ACPI: PCI Interrupt Link [LNKD] (IRQs 5 9 10 *11)
[    0.521503] ACPI: Enabled 2 GPEs in block 00 to 07
[    0.522731] vgaarb: setting as boot device: PCI:0000:00:02.0
[    0.523741] vgaarb: device added: PCI:0000:00:02.0,decodes=io+mem,owns=io+mem,locks=none
[    0.525655] vgaarb: loaded
[    0.526585] vgaarb: bridge control possible 0000:00:02.0
[    0.527758] SCSI subsystem initialized
[    0.528648] ACPI: bus type USB registered
[    0.529981] usbcore: registered new interface driver usbfs
[    0.530968] usbcore: registered new interface driver hub
[    0.531930] usbcore: registered new device driver usb
[    0.533055] PCI: Using ACPI for IRQ routing
[    0.534665] NetLabel: Initializing
[    0.535548] NetLabel:  domain hash size = 128
[    0.537003] NetLabel:  protocols = UNLABELED CIPSOv4
[    0.538044] NetLabel:  unlabeled traffic allowed by default
[    0.539190] amd_nb: Cannot enumerate AMD northbridges
[    0.540591] clocksource: Switched to clocksource kvm-clock
[    0.547293] AppArmor: AppArmor Filesystem Enabled
[    0.548669] pnp: PnP ACPI init
[    0.550168] pnp: PnP ACPI: found 3 devices
[    0.560276] clocksource: acpi_pm: mask: 0xffffff max_cycles: 0xffffff, max_idle_ns: 2085701024 ns
[    0.562779] NET: Registered protocol family 2
[    0.563836] TCP established hash table entries: 16384 (order: 5, 131072 bytes)
[    0.565363] TCP bind hash table entries: 16384 (order: 6, 262144 bytes)
[    0.566620] TCP: Hash tables configured (established 16384 bind 16384)
[    0.567755] UDP hash table entries: 1024 (order: 3, 32768 bytes)
[    0.568827] UDP-Lite hash table entries: 1024 (order: 3, 32768 bytes)
[    0.569962] NET: Registered protocol family 1
[    0.570785] pci 0000:00:00.0: Limiting direct PCI/PCI transfers
[    0.571843] pci 0000:00:01.0: Activating ISA DMA hang workarounds
[    0.573070] Unpacking initramfs...
[    0.758241] Freeing initrd memory: 14844K
[    0.759607] clocksource: tsc: mask: 0xffffffffffffffff max_cycles: 0x1fd3b6211b4, max_idle_ns: 440795230313 ns
[    0.762081] platform rtc_cmos: registered platform RTC device (no PNP device found)
[    0.763602] Scanning for low memory corruption every 60 seconds
[    0.765163] audit: initializing netlink subsys (disabled)
[    0.766194] audit: type=2000 audit(1574266593.017:1): initialized
[    0.767498] Initialise system trusted keyring
[    0.768546] HugeTLB registered 2 MB page size, pre-allocated 0 pages
[    0.770905] zbud: loaded
[    0.771782] VFS: Disk quotas dquot_6.6.0
[    0.772586] VFS: Dquot-cache hash table entries: 512 (order 0, 4096 bytes)
[    0.774445] squashfs: version 4.0 (2009/01/31) Phillip Lougher
[    0.775721] fuse init (API version 7.23)
[    0.776607] Key type big_key registered
[    0.777406] Allocating IMA MOK and blacklist keyrings.
[    0.779267] Key type asymmetric registered
[    0.780062] Asymmetric key parser 'x509' registered
[    0.781046] Block layer SCSI generic (bsg) driver version 0.4 loaded (major 249)
[    0.782548] io scheduler noop registered
[    0.783318] io scheduler deadline registered (default)
[    0.784289] io scheduler cfq registered
[    0.785399] pci_hotplug: PCI Hot Plug PCI Core version: 0.5
[    0.786776] pciehp: PCI Express Hot Plug Controller Driver version: 0.4
[    0.788180] ACPI: AC Adapter [AC] (on-line)
[    0.789081] input: Power Button as /devices/LNXSYSTM:00/LNXPWRBN:00/input/input0
[    0.790523] ACPI: Power Button [PWRF]
[    0.791320] input: Sleep Button as /devices/LNXSYSTM:00/LNXSLPBN:00/input/input1
[    0.792758] ACPI: Sleep Button [SLPF]
[    0.793664] GHES: HEST is not enabled!
[    0.794490] ACPI: Battery Slot [BAT0] (battery present)
[    0.795856] Serial: 8250/16550 driver, 32 ports, IRQ sharing enabled
[    0.817585] 00:02: ttyS0 at I/O 0x3f8 (irq = 4, base_baud = 115200) is a 16550A
[    0.821322] Linux agpgart interface v0.103
[    0.825131] loop: module loaded
[    0.826525] scsi host0: ata_piix
[    0.827465] scsi host1: ata_piix
[    0.828304] ata1: PATA max UDMA/33 cmd 0x1f0 ctl 0x3f6 bmdma 0xd000 irq 14
[    0.829552] ata2: PATA max UDMA/33 cmd 0x170 ctl 0x376 bmdma 0xd008 irq 15
[    0.830847] libphy: Fixed MDIO Bus: probed
[    0.831700] tun: Universal TUN/TAP device driver, 1.6
[    0.832670] tun: (C) 1999-2004 Max Krasnyansky <maxk@qualcomm.com>
[    0.833854] PPP generic driver version 2.4.2
[    0.834745] ehci_hcd: USB 2.0 'Enhanced' Host Controller (EHCI) Driver
[    0.835917] ehci-pci: EHCI PCI platform driver
[    0.836777] ehci-platform: EHCI generic platform driver
[    0.837781] ohci_hcd: USB 1.1 'Open' Host Controller (OHCI) Driver
[    0.838890] ohci-pci: OHCI PCI platform driver
[    0.839744] ohci-platform: OHCI generic platform driver
[    0.840713] uhci_hcd: USB Universal Host Controller Interface driver
[    0.842349] i8042: PNP: PS/2 Controller [PNP0303:PS2K,PNP0f03:PS2M] at 0x60,0x64 irq 1,12
[    0.844275] serio: i8042 KBD port at 0x60,0x64 irq 1
[    0.845326] serio: i8042 AUX port at 0x60,0x64 irq 12
[    0.846812] mousedev: PS/2 mouse device common for all mice
[    0.848375] input: AT Translated Set 2 keyboard as /devices/platform/i8042/serio0/input/input2
[    0.850731] rtc_cmos rtc_cmos: rtc core: registered rtc_cmos as rtc0
[    0.851947] rtc_cmos rtc_cmos: alarms up to one day, 114 bytes nvram
[    0.853121] i2c /dev entries driver
[    0.853862] device-mapper: uevent: version 1.0.3
[    0.854801] device-mapper: ioctl: 4.34.0-ioctl (2015-10-28) initialised: dm-devel@redhat.com
[    0.856823] ledtrig-cpu: registered to indicate activity on CPUs
[    0.858367] NET: Registered protocol family 10
[    0.859770] NET: Registered protocol family 17
[    0.860640] Key type dns_resolver registered
[    0.862004] registered taskstats version 1
[    0.862916] Loading compiled-in X.509 certificates
[    0.864430] Loaded X.509 cert 'Build time autogenerated kernel key: ef3203c14e3994470d47ef6a7e15c1ade40f8e1e'
[    0.866572] zswap: loaded using pool lzo/zbud
[    0.868880] Key type trusted registered
[    0.872148] Key type encrypted registered
[    0.873049] AppArmor: AppArmor sha1 policy hashing enabled
[    0.874053] ima: No TPM chip found, activating TPM-bypass!
[    0.875057] ima: Allocated hash algorithm: sha1
[    0.876226] evm: HMAC attrs: 0x1
[    0.877253]   Magic number: 11:949:287
[    0.878015] tty tty20: hash matches
[    0.878723] acpi PNP0400:00: hash matches
[    0.879543] rtc_cmos rtc_cmos: setting system clock to 2019-11-20 16:16:28 UTC (1574266588)
[    0.881224] BIOS EDD facility v0.16 2004-Jun-25, 0 devices found
[    0.882305] EDD information not available.
[    0.986592] Freeing unused kernel memory: 1488K
[    0.988259] Write protecting the kernel read-only data: 14336k
[    0.990876] Freeing unused kernel memory: 1604K
[    0.992325] Freeing unused kernel memory: 60K
Loading, please wait...
starting version 229
[    1.006924] random: systemd-udevd: uninitialized urandom read (16 bytes read, 3 bits of entropy available)
[    1.007568] random: udevadm: uninitialized urandom read (16 bytes read, 3 bits of entropy available)
[    1.007584] random: udevadm: uninitialized urandom read (16 bytes read, 3 bits of entropy available)
[    1.014207] random: systemd-udevd: uninitialized urandom read (16 bytes read, 3 bits of entropy available)
[    1.014569] random: udevadm: uninitialized urandom read (16 bytes read, 3 bits of entropy available)
[    1.014610] random: udevadm: uninitialized urandom read (16 bytes read, 3 bits of entropy available)
[    1.014732] random: udevadm: uninitialized urandom read (16 bytes read, 3 bits of entropy available)
[    1.014777] random: udevadm: uninitialized urandom read (16 bytes read, 3 bits of entropy available)
[    1.014822] random: udevadm: uninitialized urandom read (16 bytes read, 3 bits of entropy available)
[    1.014865] random: udevadm: uninitialized urandom read (16 bytes read, 3 bits of entropy available)
[    1.054220] e1000: Intel(R) PRO/1000 Network Driver - version 7.3.21-k8-NAPI
[    1.056292] e1000: Copyright (c) 1999-2006 Intel Corporation.
[    1.058049] Fusion MPT base driver 3.04.20
[    1.058910] Copyright (c) 1999-2008 LSI Corporation
[    1.065591] Fusion MPT SPI Host driver 3.04.20
[    1.072089] AVX2 version of gcm_enc/dec engaged.
[    1.073436] AES CTR mode by8 optimization enabled
[    1.261692] input: ImExPS/2 Generic Explorer Mouse as /devices/platform/i8042/serio1/input/input4
[    1.428460] e1000 0000:00:03.0 eth0: (PCI:33MHz:32-bit) 02:1a:6e:a3:7e:96
[    1.430929] e1000 0000:00:03.0 eth0: Intel(R) PRO/1000 Network Connection
[    1.803326] e1000 0000:00:08.0 eth1: (PCI:33MHz:32-bit) 08:00:27:c0:df:0c
[    1.805326] e1000 0000:00:08.0 eth1: Intel(R) PRO/1000 Network Connection
[    1.808004] e1000 0000:00:08.0 enp0s8: renamed from eth1
[    1.808835] mptbase: ioc0: Initiating bringup
[    1.821176] e1000 0000:00:03.0 enp0s3: renamed from eth0
[    2.338582] ioc0: LSI53C1030 A0: Capabilities={Initiator}
[    3.530882] scsi host2: ioc0: LSI53C1030 A0, FwRev=00000000h, Ports=1, MaxQ=256, IRQ=20
[    4.326221] scsi 2:0:0:0: Direct-Access     VBOX     HARDDISK         1.0  PQ: 0 ANSI: 5
[    4.329861] scsi target2:0:0: Beginning Domain Validation
[    4.332772] scsi target2:0:0: Domain Validation skipping write tests
[    4.334390] scsi target2:0:0: Ending Domain Validation
[    4.335826] scsi target2:0:0: asynchronous
[    4.347515] scsi 2:0:1:0: Direct-Access     VBOX     HARDDISK         1.0  PQ: 0 ANSI: 5
[    4.349742] scsi target2:0:1: Beginning Domain Validation
[    4.352141] scsi target2:0:1: Domain Validation skipping write tests
[    4.353857] scsi target2:0:1: Ending Domain Validation
[    4.355583] scsi target2:0:1: asynchronous
[    4.363467] sd 2:0:0:0: [sda] 20971520 512-byte logical blocks: (10.7 GB/10.0 GiB)
[    4.363590] sd 2:0:0:0: Attached scsi generic sg0 type 0
[    4.363954] sd 2:0:1:0: Attached scsi generic sg1 type 0
[    4.364250] sd 2:0:1:0: [sdb] 20480 512-byte logical blocks: (10.5 MB/10.0 MiB)
[    4.364524] sd 2:0:1:0: [sdb] Write Protect is off
[    4.364639] sd 2:0:1:0: [sdb] Incomplete mode parameter data
[    4.364641] sd 2:0:1:0: [sdb] Assuming drive cache: write through
[    4.366488] sd 2:0:1:0: [sdb] Attached SCSI disk
[    4.375762] sd 2:0:0:0: [sda] Write Protect is off
[    4.377104] sd 2:0:0:0: [sda] Incomplete mode parameter data
[    4.378340] sd 2:0:0:0: [sda] Assuming drive cache: write through
[    4.381206]  sda: sda1
[    4.382918] sd 2:0:0:0: [sda] Attached SCSI disk
Begin: Loading essential drivers ... [    5.640134] md: linear personality registered for level -1
[    5.643451] md: multipath personality registered for level -4
[    5.646842] md: raid0 personality registered for level 0
[    5.651164] md: raid1 personality registered for level 1
[    5.720761] raid6: sse2x1   gen() 11742 MB/s
[    5.791283] raid6: sse2x1   xor() 10478 MB/s
[    5.857428] raid6: sse2x2   gen() 17234 MB/s
[    5.924886] raid6: sse2x2   xor() 11672 MB/s
[    5.995507] raid6: sse2x4   gen() 20053 MB/s
[    6.061825] raid6: sse2x4   xor() 13326 MB/s
[    6.128607] raid6: avx2x1   gen() 24261 MB/s
[    6.199533] raid6: avx2x2   gen() 32429 MB/s
[    6.268805] raid6: avx2x4   gen() 34742 MB/s
[    6.270517] raid6: using algorithm avx2x4 gen() 34742 MB/s
[    6.271768] raid6: using avx2x2 recovery algorithm
[    6.273812] xor: automatically using best checksumming function:
[    6.313161]    avx       : 33088.000 MB/sec
[    6.315290] async_tx: api initialized (async)
[    6.324773] md: raid6 personality registered for level 6
[    6.326239] md: raid5 personality registered for level 5
[    6.327189] md: raid4 personality registered for level 4
[    6.333168] md: raid10 personality registered for level 10
done.
Begin: Running /scripts/init-premount ... done.
Begin: Mounting root file system ... Begin: Running /scripts/local-top ... done.
Begin: Running /scripts/local-premount ... [    6.356938] Btrfs loaded
Scanning for Btrfs filesystems
done.
Warning: fsck not present, so skipping root file system
[    6.374181] EXT4-fs (sda1): mounted filesystem with ordered data mode. Opts: (null)
done.
Begin: Running /scripts/local-bottom ... done.
Begin: Running /scripts/init-bottom ... done.
[    6.421143] systemd[1]: systemd 229 running in system mode. (+PAM +AUDIT +SELINUX +IMA +APPARMOR +SMACK +SYSVINIT +UTMP +LIBCRYPTSETUP +GCRYPT +GNUTLS +ACL +XZ -LZ4 +SECCOMP +BLKID +ELFUTILS +KMOD -IDN)
[    6.424555] systemd[1]: Detected virtualization oracle.
[    6.425587] systemd[1]: Detected architecture x86-64.

Welcome to [1mUbuntu 16.04.6 LTS[0m!

[    6.428079] systemd[1]: Set hostname to <ubuntu>.
[    6.430841] systemd[1]: Initializing machine ID from random generator.
[    6.432028] systemd[1]: Installed transient /etc/machine-id file.
[    6.506931] systemd[1]: Reached target Encrypted Volumes.
[[0;32m  OK  [0m] Reached target Encrypted Volumes.
[    6.508905] systemd[1]: Reached target System Time Synchronized.
[[0;32m  OK  [0m] Reached target System Time Synchronized.
[    6.510950] systemd[1]: Started Forward Password Requests to Wall Directory Watch.
[[0;32m  OK  [0m] Started Forward Password Requests to Wall Directory Watch.
[    6.521496] systemd[1]: Listening on Journal Audit Socket.
[[0;32m  OK  [0m] Listening on Journal Audit Socket.
[    6.533044] systemd[1]: Listening on udev Control Socket.
[[0;32m  OK  [0m] Listening on udev Control Socket.
[    6.545112] systemd[1]: Listening on Syslog Socket.
[[0;32m  OK  [0m] Listening on Syslog Socket.
[    6.547837] systemd[1]: Listening on LVM2 metadata daemon socket.
[[0;32m  OK  [0m] Listening on LVM2 metadata daemon socket.
[    6.557215] systemd[1]: Created slice User and Session Slice.
[[0;32m  OK  [0m] Created slice User and Session Slice.
[    6.565469] systemd[1]: Reached target User and Group Name Lookups.
[[0;32m  OK  [0m] Reached target User and Group Name Lookups.
[    6.568855] systemd[1]: Set up automount Arbitrary Executable File Formats File System Automount Point.
[[0;32m  OK  [0m] Set up automount Arbitrary Executab...ats File System Automount Point.
[    6.577518] systemd[1]: Listening on LVM2 poll daemon socket.
[[0;32m  OK  [0m] Listening on LVM2 poll daemon socket.
[    6.580543] systemd[1]: Listening on Device-mapper event daemon FIFOs.
[[0;32m  OK  [0m] Listening on Device-mapper event daemon FIFOs.
[    6.583405] systemd[1]: Listening on Journal Socket (/dev/log).
[[0;32m  OK  [0m] Listening on Journal Socket (/dev/log).
[    6.593813] systemd[1]: Created slice System Slice.
[[0;32m  OK  [0m] Created slice System Slice.
[    6.596955] systemd[1]: Reached target Slices.
[[0;32m  OK  [0m] Reached target Slices.
[    6.599421] systemd[1]: Created slice system-serial\x2dgetty.slice.
[[0;32m  OK  [0m] Created slice system-serial\x2dgetty.slice.
[    6.602243] systemd[1]: Listening on Journal Socket.
[[0;32m  OK  [0m] Listening on Journal Socket.
[    6.617606] systemd[1]: Starting Uncomplicated firewall...
         Starting Uncomplicated firewall...
[    6.621380] systemd[1]: Starting Set console keymap...
         Starting Set console keymap...
[    6.624349] systemd[1]: Mounting Debug File System...
         Mounting Debug File System...
[    6.627384] systemd[1]: Starting Remount Root and Kernel File Systems...
         Starting Remount Root and Kernel File Systems...
[    6.630934] EXT4-fs (sda1): re-mounted. Opts: (null)
[    6.632929] systemd[1]: Starting Nameserver information manager...
         Starting Nameserver information manager...
[    6.637642] systemd[1]: Starting Create list of required static device nodes for the current kernel...
         Starting Create list of required st... nodes for the current kernel...
[    6.650037] systemd[1]: Starting Load Kernel Modules...
         Starting Load Kernel Modules...
[    6.653072] systemd[1]: Mounting POSIX Message Queue File System...
         Mounting POSIX Message Queue File System...
[    6.658056] Loading iSCSI transport class v2.0-870.
[    6.659003] systemd[1]: Started Trigger resolvconf update for networkd DNS.
[[0;32m  OK  [0m] Started Trigger resolvconf update for networkd DNS.
[    6.662688] systemd[1]: Listening on /dev/initctl Compatibility Named Pipe.
[[0;32m  OK  [0m] Listening on /dev/initctl Compatibility Named Pipe.
[    6.665807] systemd[1]: Listening on udev Kernel Socket.
[[0;32m  OK  [0m] Listening on udev Kernel Socket.
[    6.668419] systemd[1]: Starting Monitoring of LVM2 mirrors, snapshots etc. using dmeventd or progress polling...
         Starting Monitoring of LVM2 mirrors... dmeventd or progress polling...
[    6.673515] systemd[1]: Starting Journal Service...
         Starting Journal Service...
[    6.675584] systemd[1]: Reached target Swap.
[[0;32m  OK  [0m] Reached target Swap.
[    6.678915] systemd[1]: Mounting Huge Pages File System...
         Mounting Huge Pages File System...
[    6.681673] iscsi: registered transport (tcp)
[    6.682654] systemd[1]: Mounted POSIX Message Queue File System.
[[0;32m  OK  [0m] Mounted POSIX Message Queue File System.
[    6.685023] systemd[1]: Mounted Debug File System.
[[0;32m  OK  [0m] Mounted Debug File System.
[    6.687191] systemd[1]: Mounted Huge Pages File System.
[[0;32m  OK  [0m] Mounted Huge Pages File System.
[    6.689567] systemd[1]: Started Uncomplicated firewall.
[[0;32m  OK  [0m] Started Uncomplicated firewall.
[    6.695982] systemd[1]: Started Set console keymap.
[[0;32m  OK  [0m] Started Set console keymap.
[    6.705263] systemd[1]: Started Remount Root and Kernel File Systems.
[[0;32m  OK  [0m] Started Remount Root and Kernel File Systems.
[    6.713586] iscsi: registered transport (iser)
[    6.717514] systemd[1]: Started Create list of required static device nodes for the current kernel.
[[0;32m  OK  [0m] Started Create list of required sta...ce nodes for the current kernel.
[    6.721723] systemd[1]: Started Load Kernel Modules.
[[0;32m  OK  [0m] Started Load Kernel Modules.
[    6.724197] systemd[1]: Started Nameserver information manager.
[[0;32m  OK  [0m] Started Nameserver information manager.
[    6.728353] systemd[1]: Started Journal Service.
[[0;32m  OK  [0m] Started Journal Service.
[[0;32m  OK  [0m] Started LVM2 metadata daemon.
         Starting Apply Kernel Variables...
         Mounting FUSE Control File System...
         Starting Create Static Device Nodes in /dev...
         Starting Load/Save Random Seed...
         Starting Flush Journal to Persistent Storage...
         Starting udev Coldplug all Devices...
[[0;32m  OK  [0m] Mounted FUSE Control File System.
[[0;32m  OK  [0m] Started Apply Kernel Variables.
[[0;32m  OK  [0m] Started Create Static Device Nodes in /dev.
[[0;32m  OK  [0m] Started Load/Save Random Seed.
[[0;32m  OK  [0m] Started Flush Journal to Persistent Storage.
[[0;32m  OK  [0m] Started udev Coldplug all Devices.
         Starting udev Kernel Device Manager...
[[0;32m  OK  [0m] Started udev Kernel Device Manager.
[[0;32m  OK  [0m] Started Dispatch Password Requests to Console Directory Watch.
[[0;32m  OK  [0m] Found device /dev/ttyS0.
[[0;32m  OK  [0m] Listening on Load/Save RF Kill Switch Status /dev/rfkill Watch.
[[0;32m  OK  [0m] Started Monitoring of LVM2 mirrors,...ng dmeventd or progress polling.
[[0;32m  OK  [0m] Reached target Local File Systems (Pre).
[[0;32m  OK  [0m] Reached target Local File Systems.
         Starting Initial cloud-init job (pre-networking)...
         Starting Commit a transient machine-id on disk...
         Starting Set console font and keymap...
         Starting Create Volatile Files and Directories...
         Starting Tell Plymouth To Write Out Runtime Data...
         Starting LSB: AppArmor initialization...
[[0;32m  OK  [0m] Started Create Volatile Files and Directories.
[[0;32m  OK  [0m] Started Tell Plymouth To Write Out Runtime Data.
         Starting Update UTMP about System Boot/Shutdown...
[[0;32m  OK  [0m] Started Commit a transient machine-id on disk.
[[0;32m  OK  [0m] Started Update UTMP about System Boot/Shutdown.
[[0;32m  OK  [0m] Started Set console font and keymap.
[    7.974894] cloud-init[618]: Cloud-init v. 19.2-36-g059d049c-0ubuntu2~16.04.1 running 'init-local' at Wed, 20 Nov 2019 16:16:35 +0000. Up 7.68 seconds.
[[0;32m  OK  [0m] Created slice system-getty.slice.
[[0;32m  OK  [0m] Started LSB: AppArmor initialization.
[[0;32m  OK  [0m] Started Initial cloud-init job (pre-networking).
[[0;32m  OK  [0m] Reached target Network (Pre).
         Starting Raise network interfaces...
[[0;32m  OK  [0m] Started Raise network interfaces.
         Starting Initial cloud-init job (metadata service crawler)...
[[0;32m  OK  [0m] Reached target Network.
[    8.771003] cloud-init[970]: Cloud-init v. 19.2-36-g059d049c-0ubuntu2~16.04.1 running 'init' at Wed, 20 Nov 2019 16:16:36 +0000. Up 8.38 seconds.
[    8.780747] cloud-init[970]: ci-info: ++++++++++++++++++++++++++++++++++++++Net device info+++++++++++++++++++++++++++++++++++++++
[    8.788689] cloud-init[970]: ci-info: +--------+-------+----------------------------+---------------+--------+-------------------+
[    8.800343] [cloud-init[0;32m  OK  [0m[970]: ] ci-info: | Device |   Up  |          Address           |      Mask     | Scope  |     Hw-Address    |Started Initial cloud-init job (metadata service crawler).

[    8.802197] cloud-init[970]: ci-info: +--------+-------+----------------------------+---------------+--------+-------------------+
[    8.810344] [cloud-init[0;32m  OK  [0m[970]: ] ci-info: | enp0s3 |  True |         10.0.2.15          | 255.255.255.0 | global | 02:1a:6e:a3:7e:96 |Reached target Network is Online.

[    8.810774] cloud-init[970]: ci-info: | enp0s3 |  True | fe80::1a:6eff:fea3:7e96/64 |       .       |  link  | 02:1a:6e:a3:7e:96 |
[    8.820988] cloud-init[970]: ci-info: | enp0s8 | False |             .              |       .       |   .    | 08:00:27:c0:df:0c |
[    8.832389]          Starting iSCSI initiator daemon (iscsid)...
cloud-init[[970]: [0;32m  OK  [0mci-info: |   lo   |  True |         127.0.0.1          |   255.0.0.0   |  host  |         .         |] 
Reached target System Initialization.
[    8.841167] [[0;32m  OK  [0m] Listening on D-Bus System Message Bus Socket.
[[0;32m  OK  [0m] Listening on ACPID Listen Socket.
cloud-init[970]: ci-info: |   lo   |  True |          ::1/128           |       .       |  host  |         .         |         
Starting LXD - unix socket.
[    8.848675] [[0;32m  OK  [0m] Started Daily apt download activities.
cloud-init[970]: ci-info: +--------+-------+----------------------------+---------------+--------+-------------------+
[    8.857038] [[0;32m  OK  [0m] Started Daily apt upgrade and clean activities.
cloud-init[970]: ci-info: +++++++++++++++++++++++++++Route IPv4 info++++++++++++++++++++++++++++
[    8.864504] [[0;32m  OK  [0m] Started Daily Cleanup of Temporary Directories.
cloud-init[970]: ci-info: +-------+-------------+----------+---------------+-----------+-------+
[    8.872632] [cloud-init[0;32m  OK  [0m[970]: ] ci-info: | Route | Destination | Gateway  |    Genmask    | Interface | Flags |Started Message of the Day.

[[0;32m  OK  [0m] Reached target Timers.
[    8.873350] cloud-init[970]: ci-info: +-------+-------------+----------+---------------+-----------+-------+
[    8.881163]          cloud-initStarting Socket activation for snappy daemon.[970]: 
ci-info: |   0   |   0.0.0.0   | 10.0.2.2 |    0.0.0.0    |   enp0s3  |   UG  |
[    8.882991] [cloud-init[0;32m  OK  [0m[970]: ] ci-info: |   1   |   10.0.2.0  | 0.0.0.0  | 255.255.255.0 |   enp0s3  |   U   |Listening on UUID daemon activation socket.

[    8.883377] cloud-init[970]: [[0;32m  OK  [0m] Started ACPI Events Check.
[[0;32m  OK  [0m] Reached target Paths.
[[0;32m  OK  [0m] Reached target Cloud-config availability.
ci-info: +-------+-------------+----------+---------------+-----------+-------+
[    8.889343] cloud-init[970]: ci-info: +++++++++++++++++++Route IPv6 info+++++++++++++++++++
[    8.890838] cloud-init[970]: ci-info: +-------+-------------+---------+-----------+-------+
[    8.892572] cloud-init[970]: ci-info: | Route | Destination | Gateway | Interface | Flags |
[    8.894262] cloud-init[970]: ci-info: +-------+-------------+---------+-----------+-------+
[    8.895864] cloud-init[[0;32m  OK  [0m] Listening on LXD - unix socket.
[970]: ci-info: |   0   |  fe80::/64  |    ::   |   enp0s3  |   U   |
[[0;32m  OK  [0m] Listening on Socket activation for snappy daemon.
[    8.898784] cloud-init[970]: ci-info: |   3   |   ff00::/8  |    ::   |   enp0s3  |   U   |
[    8.901203] cloud-init[970]: ci-info: +-------+-------------+---------+-----------+-------+
[    8.902760] cloud-init[970]: Generating public/private rsa key pair.
[[0;32m  OK  [0m] Started iSCSI initiator daemon (iscsid).
[    8.906993] cloud-init[970]: Your identification has been saved in /etc/ssh/ssh_host_rsa_key.
[    8.909149] cloud-init[970]: Your public key has been saved in /etc/ssh/ssh_host_rsa_key.pub.
[    8.916928]          cloud-initStarting Login to default iSCSI targets...[970]: 
The key fingerprint is:
[    8.924766] [[0;32m  OK  [0m] Reached target Sockets.
cloud-init[970]: SHA256:MZ/96m41xKSeJ8T5LG/q/vofqR4sx7gWmPMAx9fUBwA root@ubuntu-xenial
[[0;32m  OK  [0m] Reached target Basic System.
[    8.925362] cloud-init[970]: The key's randomart image is:
[    8.940620] cloud-init[970]: +---[RSA 2048]----+
[    8.948378] [cloud-init[0;32m  OK  [0m[970]: ] |          E...o. |Started ACPI event daemon.

[    8.948939] cloud-init[970]: |             ....|
[    8.958670]          Starting System Logging Service...
cloud-init[970]: |        +  .o=  .|
[    8.959844] cloud-init[970]: |       . * +=.o  |
         Starting LXD - container startup/shutdown...
         Starting Login Service...
[[0;32m  OK  [0m] Started D-Bus System Message Bus.
[    8.961779] cloud-init[970]: |        S *o.=   |
[    8.980098] cloud-init[970]: |         = .O.* .|
[    8.981656] cloud-init[970]: |          +o.@.+ |
[    8.983184] cloud-init[970]: [[0;32m  OK  [0m] Started Regular background program processing daemon.
         Starting /etc/rc.local Compatibility...
[[0;32m  OK  [0m] Started Deferred execution scheduler.
         Starting Virtualbox guest utils...
[[0;32m  OK  [0m] Started FUSE filesystem for LXC.
|           o=.= .|
[    8.996117] cloud-init[970]: |          .BXOo..|
[    8.997284] cloud-init[970]: +----[SHA256]-----+
[    8.998396] cloud-init[970]: Generating public/private dsa key pair.
[    8.999804] cloud-init[970]: Your identification has been saved in /etc/ssh/ssh_host_dsa_key.
         Starting Accounts Service...
[    9.015191] cloud-init[970]: Your public key has been saved in /etc/ssh/ssh_host_dsa_key.pub.         Starting LSB: Record successful boot for GRUB...
         Starting Snappy daemon...
         Starting LSB: MD monitoring daemon...

         Starting Pollinate to seed the pseudo random number generator...
[[0;32m  OK  [0m] Started System Logging Service.
[[0;32m  OK  [0m] Started /etc/rc.local Compatibility.
[[0;32m  OK  [0m] Started LXD - container startup/shutdown.
[    9.040391] cloud-init[970]: The key fingerprint is:
[    9.042705] cloud-init[970]: SHA256:WHqQ6sWZQC0GFujpeO006yUVHh4Vt+a+7OJqAtF5iQU root@ubuntu-xenial
[    9.045287] cloud-init[970]: The key's randomart image is:
[    9.046043] cloud-init[970]: +---[DSA 1024]----+
[    9.047137] cloud-init[970]: | .+oEo  o..      |
[    9.047825] cloud-init[970]: |.. .o oo . .     |
[    9.049004] cloud-init[970]: |. .o.=*.. o      |
[    9.056260] cloud-init[970]: | o. +*o@ o       |
[    9.057297] cloud-init[970]: |o  o..@ S .      |
[    9.057474] [cloud-init[0;32m  OK  [0m[970]: ] |..o.+o . .       |Started Login to default iSCSI targets.

[    9.057519] cloud-init[970]: | . +oo.   .      |
[    9.065779] cloud-init[970]: |    +o. .. .     |
[    9.066731] cloud-init[970]: |   ..o.o.o+      |
[    9.072811] cloud-init[970]: +----[SHA256]-----+
[    9.075324] cloud-init[970]: Generating public/private ecdsa key pair.
[    9.085922] cloud-init[970]: Your identification has been saved in /etc/ssh/ssh_host_ecdsa_key.
[    9.086860] cloud-init[970]: Your public key has been saved in /etc/ssh/ssh_host_ecdsa_key.pub.
[    9.092693] cloud-init[970]: The key fingerprint is:
[    9.100411] [[0;32m  OK  [0m] Started Login Service.
cloud-init[970]: SHA256:bQ2Z5chFzi2mnmWawZYyqTNlUbMszyTZ6xtbJ78bK1c root@ubuntu-xenial
[    9.101584] [[0;32m  OK  [0m] Started LSB: Record successful boot for GRUB.
cloud-init[970]: The key's randomart image is:
[    9.108243] cloud-init[970]: +---[ECDSA 256]---+
[    9.108816] cloud-init[970]: |          o.+    |
[    9.112192] cloud-init[970]: |         * % .   |
[    9.112976] cloud-init[970]: |        = @ * .  |
[[0;32m  OK  [0m] Started Unattended Upgrades Shutdown.
[    9.120494] cloud-init[970]: |         @ B .   |
[    9.122454]          Starting Authenticate and Authorize Users to Run Privileged Tasks...
cloud-init[[970]: [0;32m  OK  [0m|        S % +    |] 
Reached target Remote File Systems (Pre).
[[0;32m  OK  [0m] Reached target Remote File Systems.
         Starting LSB: automatic crash report generation...
         Starting Permit User Sessions...
         Starting LSB: Set the CPU Frequency Scaling governor to "ondemand"...
         Starting LSB: daemon to balance interrupts for SMP systems...
[[0;32m  OK  [0m] Started Virtualbox guest utils.
[[0;32m  OK  [0m] Started LSB: MD monitoring daemon.
[[0;32m  OK  [0m] Started Permit User Sessions.
[[0;32m  OK  [0m] Started Authenticate and Authorize Users to Run Privileged Tasks.
[[0;32m  OK  [0m] Started Accounts Service.
[    9.122996] cloud-init[970]: |       + B B    E|
[    9.176414] cloud-init[970]: |      +   B o o. |
[    9.180588] cloud-init[970]: |       o   =.+.o |
[    9.181688] cloud-init[970]: |          o  o=o |
[    9.182808] cloud-init[970]: +----[SHA256]-----+
[    9.184963] cloud-init[970]: Generating public/private ed25519 key pair.
[    9.186477] cloud-init[970]: Your identification has been saved in /etc/ssh/ssh_host_ed25519_key.
         Starting Hold until boot process finishes up...
         Starting Terminate Plymouth Boot Screen...
[    9.188089] cloud-init[970]: Your public key has been saved in /etc/ssh/ssh_host_ed25519_key.pub.
[    9.193030] cloud-init[970]: The key fingerprint is:
[    9.193084] cloud-init[970]: SHA256:HnVLDvLbBIDedV0YXWl8RUeyA0Nl0uumkEGc63YAup0 root@ubuntu-xenial
[    9.193139] cloud-init[970]: The key's randomart image is:
[    9.193193] cloud-init[970]: +--[ED25519 256]--+
[    9.193248] cloud-init[970]: |       ... o=+*B@|
[    9.193302] cloud-init[970]: |      . ..= .=+*+|
[[0;32m  OK  [0m] Started Hold until boot process finishes up.
[[0;32m  OK  [0m] Started LSB: automatic crash report generation.
[[0;32m  OK  [0m] Started LSB: Set the CPU Frequency Scaling governor to "ondemand".
[[0;32m  OK  [0m] Started Terminate Plymouth Boot Screen.
[[0;32m  OK  [0m] Started Snappy daemon.
[    9.200694] cloud-init[970]: |     . o.++oo +..|
[    9.223393] cloud-init[970]: |      o .++* ... |
[    9.225179] cloud-init[970]: |       oSo.++.   |
[    9.227169] cloud-init[970]: |      ..E.=+. o  |
[    9.227936] cloud-init[970]: |        ...o.o   |
[    9.230017] cloud-init[970]: |            .    |
[    9.230797] cloud-init[970]: |                 |
         Starting Wait until snapd is fully seeded...
[[0;32m  OK  [0m] Started Getty on tty1.
[    9.244113] [cloud-init[0;32m  OK  [0m[970]: ] +----[SHA256]-----+Started Serial Getty on ttyS0.

[[0;32m  OK  [0m] Reached target Login Prompts.
         Starting Set console scheme...
[[0;32m  OK  [0m] Started LSB: daemon to balance interrupts for SMP systems.
[[0;32m  OK  [0m] Started Set console scheme.
[[0;32m  OK  [0m] Started Pollinate to seed the pseudo random number generator.
         Starting OpenBSD Secure Shell server...
[[0;32m  OK  [0m] Started OpenBSD Secure Shell server.
[[0;32m  OK  [0m] Created slice User Slice of vagrant.
         Starting User Manager for UID 1000...
[[0;32m  OK  [0m] Started Session 1 of user vagrant.
[[0;32m  OK  [0m] Started User Manager for UID 1000.
         Starting Hostname Service...
[[0;32m  OK  [0m] Started Hostname Service.
[[0;32m  OK  [0m] Stopped ifup for enp0s3.
[[0;32m  OK  [0m] Started ifup for enp0s3.
[[0;32m  OK  [0m] Stopped ifup for enp0s8.
[[0;32m  OK  [0m] Started ifup for enp0s8.
[   14.634129] cloud-init[1850]: Generating locales (this might take a while)...
[   15.210984] cloud-init[1850]:   en_US.UTF-8... done
[   15.211368] cloud-init[1850]: Generation complete.

Ubuntu 16.04.6 LTS k8s-master ttyS0

k8s-master login: [   15.392921] cloud-init[1850]: Cloud-init v. 19.2-36-g059d049c-0ubuntu2~16.04.1 running 'modules:config' at Wed, 20 Nov 2019 16:16:42 +0000. Up 14.57 seconds.
ci-info: no authorized ssh keys fingerprints found for user ubuntu.
<14>Nov 20 16:16:43 ec2: 
<14>Nov 20 16:16:43 ec2: #############################################################
<14>Nov 20 16:16:43 ec2: -----BEGIN SSH HOST KEY FINGERPRINTS-----
<14>Nov 20 16:16:43 ec2: 1024 SHA256:WHqQ6sWZQC0GFujpeO006yUVHh4Vt+a+7OJqAtF5iQU root@ubuntu-xenial (DSA)
<14>Nov 20 16:16:43 ec2: 256 SHA256:bQ2Z5chFzi2mnmWawZYyqTNlUbMszyTZ6xtbJ78bK1c root@ubuntu-xenial (ECDSA)
<14>Nov 20 16:16:43 ec2: 256 SHA256:HnVLDvLbBIDedV0YXWl8RUeyA0Nl0uumkEGc63YAup0 root@ubuntu-xenial (ED25519)
<14>Nov 20 16:16:43 ec2: 2048 SHA256:MZ/96m41xKSeJ8T5LG/q/vofqR4sx7gWmPMAx9fUBwA root@ubuntu-xenial (RSA)
<14>Nov 20 16:16:43 ec2: -----END SSH HOST KEY FINGERPRINTS-----
<14>Nov 20 16:16:43 ec2: #############################################################
-----BEGIN SSH HOST KEY KEYS-----
ecdsa-sha2-nistp256 AAAAE2VjZHNhLXNoYTItbmlzdHAyNTYAAAAIbmlzdHAyNTYAAABBBOviWHckZSXNUz0+2/vcw4lakBHtpYEkxBJCR+8tJNLaJZt0dfO/Z6UHeZsofj8X/eo/I022VCz3jMfLifrHJ0w= root@ubuntu-xenial
ssh-ed25519 AAAAC3NzaC1lZDI1NTE5AAAAICfNqGgZr2jabFXTpA3k2FPbtVBjz6Rqmm4qXNqgGw8D root@ubuntu-xenial
ssh-rsa AAAAB3NzaC1yc2EAAAADAQABAAABAQCxDoGqsU1o3dyRuweD2rAagv4lEgCKYuqmj+Shl5vUTqoa/T73eHTjC5LTIsns05pbmOg1roGwlMkMZo6P1a5aOPurq40FM1DyOPhtigliPWUAfRKAhhPMKq6uS63oDcehJ5ntKxwWS6j7XQ/Eh4UaMw8J3Bj/XkRbwSPmz0jTvsLKunKqs1WBx5aSN4TOhnd0s6iZEpTVi96z4AZBS0SHMBK/zXY5RYpg4rWXuLcZrJyUny5wn6b84KoGSMqYwolKD9LV8Q2iglUZo3sULeKZoy0wMn8Z8+sHLYOFbVLh0zXEf3YifPMwf3aokh80iR69mlqUv2j6IQ1W+R/lELdl root@ubuntu-xenial
-----END SSH HOST KEY KEYS-----
[   15.715320] cloud-init[1890]: Cloud-init v. 19.2-36-g059d049c-0ubuntu2~16.04.1 running 'modules:final' at Wed, 20 Nov 2019 16:16:43 +0000. Up 15.62 seconds.
[   15.715506] cloud-init[1890]: ci-info: no authorized ssh keys fingerprints found for user ubuntu.
[   15.716018] cloud-init[1890]: Cloud-init v. 19.2-36-g059d049c-0ubuntu2~16.04.1 finished at Wed, 20 Nov 2019 16:16:43 +0000. Datasource DataSourceNoCloud [seed=/dev/sdb][dsmode=net].  Up 15.70 seconds
